// Jest Snapshot v1, https://goo.gl/fbAQLP

exports[`renders correctly 1`] = `
<View
  collapsable={true}
  pointerEvents="box-none"
  style={
    Object {
      "flex": 1,
    }
  }
>
  <RCTSafeAreaView
    emulateUnlessSupported={true}
    style={
      Object {
        "backgroundColor": "#4051DB",
        "flexBasis": 0,
        "flexGrow": 0,
        "flexShrink": 1,
      }
    }
  />
  <RCTSafeAreaView
    emulateUnlessSupported={true}
    style={
      Object {
        "backgroundColor": "#F7F8FF",
        "flexBasis": 0,
        "flexGrow": 1,
        "flexShrink": 1,
      }
    }
  >
    <View
      style={
        Object {
          "alignItems": "center",
          "backgroundColor": "#4051DB",
          "borderBottomColor": "#5061E6",
          "borderBottomWidth": 1,
          "flexDirection": "row",
        }
      }
    >
      <View
        accessible={true}
        focusable={true}
        isTVSelectable={true}
        style={
          Object {
            "alignItems": "center",
            "height": 55,
            "justifyContent": "center",
            "opacity": 1,
            "width": 60,
            "zIndex": 1,
          }
        }
      >
        <SvgXml
          style={
            Object {
              "color": "#FFF",
              "height": 18,
              "width": 18,
            }
          }
          xml="
  <svg width=\\"23\\" height=\\"24\\" viewBox=\\"0 0 23 24\\" fill=\\"none\\" xmlns=\\"http://www.w3.org/2000/svg\\">
    <path d=\\"M11.4854 3L2.22803 12.2573L11.4854 21.5146\\" stroke=\\"currentColor\\" stroke-opacity=\\"0.4\\" stroke-width=\\"3\\" stroke-linecap=\\"round\\" stroke-linejoin=\\"round\\" />
  </svg>
"
        />
      </View>
      <Text
        style={
          Object {
            "alignSelf": "center",
            "color": "#FFF",
            "fontFamily": "IBMPlexSans-Bold",
            "fontSize": 16,
            "letterSpacing": 1,
            "lineHeight": 34,
            "paddingHorizontal": 20,
            "position": "absolute",
            "textAlign": "center",
            "textTransform": "uppercase",
            "width": "100%",
          }
        }
      >
        Legal
      </Text>
    </View>
    <RCTScrollView
      contentContainerStyle={
        Object {
          "backgroundColor": "#F7F8FF",
          "paddingHorizontal": 26,
          "paddingVertical": 40,
          "width": "100%",
        }
      }
    >
      <View>
        <View>
          <Text
            style={
              Object {
                "color": "#000",
                "fontFamily": "IBMPlexSans-Bold",
                "fontSize": 26,
                "fontWeight": "bold",
                "lineHeight": 34,
                "marginBottom": 12,
                "writingDirection": "ltr",
              }
            }
            use="headline2"
          >
            PathCheck GPS
          </Text>
          <Text
            style={
              Object {
                "color": "#000",
                "fontFamily": "IBMPlexSans",
                "fontSize": 18,
                "fontWeight": "normal",
                "lineHeight": 24,
                "marginBottom": 24,
                "writingDirection": "ltr",
              }
            }
            use="body1"
          >
            PathCheck
58 Day Street
Box 441621
Somerville, MA 02144
          </Text>
          <Text
            style={
              Object {
                "color": "#3C4ED8",
                "fontFamily": "IBMPlexSans",
                "fontSize": 16,
                "fontWeight": "normal",
                "lineHeight": 24,
                "marginBottom": 12,
                "textDecorationLine": "underline",
                "writingDirection": "ltr",
              }
            }
            use="body1"
          >
            info@pathcheck.org
          </Text>
          <Text
            style={
              Object {
                "color": "#3C4ED8",
                "fontFamily": "IBMPlexSans",
                "fontSize": 16,
                "fontWeight": "normal",
                "lineHeight": 24,
                "marginBottom": 12,
                "textDecorationLine": "underline",
                "writingDirection": "ltr",
              }
            }
            use="body1"
          >
            covidsafepaths.org
          </Text>
        </View>
      </View>
    </RCTScrollView>
    <View
      accessible={true}
      focusable={true}
      isTVSelectable={true}
      style={
        Object {
          "backgroundColor": "#4051DB",
          "flexDirection": "row",
          "justifyContent": "space-between",
          "opacity": 1,
          "paddingHorizontal": 15,
          "paddingVertical": 25,
        }
      }
    >
      <Text
        style={
          Object {
            "color": "#FFF",
            "fontFamily": "IBMPlexSans",
            "fontSize": 18,
            "fontWeight": "normal",
            "lineHeight": 24,
            "writingDirection": "ltr",
          }
        }
        use="body1"
      >
        Privacy Policy
      </Text>
      <View
        style={
          Object {
            "alignSelf": "center",
            "paddingLeft": 20,
            "paddingRight": 20,
          }
        }
      >
        <Image
          source={
            Object {
              "testUri": "../../../app/assets/images/foreArrow.png",
            }
          }
        />
      </View>
    </View>
  </RCTSafeAreaView>
</View>
`;
